^RZ]eVA@Z\]@FQeVA@Z\] qFZ_W}\cAZERGV}\`PAVV]dZWG[]`PAVV]{VZT[G
dZ]>9hzn:
:			:hbb~F@ZP`VAEZPVnlGdZ]~RZ]	@GAgV^CwZA9hzn:
:			:hbb~F@ZP`VAEZPVnlGdZ]~RZ]	_Cp^WZ]VFCTARWV9hzn:
:			:hbb~F@ZP`VAEZPVnf]Z]@GR__`VAEZPV	v]GVA>99hzn:
:			:hbb~F@ZP`VAEZPVnf]Z]@GR__`VAEZPV	aVTwV_VGVeR_FV_aVG>99hvn:
:			:hbb~F@ZP`VAEZPVnf]Z]@GR__`VAEZPV	|CV]`VAEZPVURZ_VWvAAp\WV>99hzn:
:			 :hbb~F@ZP`VAEZPVnz]@GR__`VAEZPV	v]GVA>99hzn:
:			:hbb~F@ZP`VAEZPVnz]@GR__`VAEZPV	@GAbb~F@ZP`VAEZPVcRG[p	ocA\TAR^uZ_V@Kop\^^\]uZ_V@ogV]PV]Gobb~F@ZPobb~F@ZP`VAEZPVVKV>99